// Jest Snapshot v1, https://goo.gl/fbAQLP

exports[`ImageAttribute does not render action buttons while not editing 1`] = `
<div
  className="attribute file image"
>
  <button
    aria-describedby={null}
    aria-label="zoom in"
    className="MuiButtonBase-root MuiIconButton-root makeStyles-zoomBtn-1"
    disabled={false}
    onBlur={[Function]}
    onClick={[Function]}
    onDragLeave={[Function]}
    onFocus={[Function]}
    onKeyDown={[Function]}
    onKeyUp={[Function]}
    onMouseDown={[Function]}
    onMouseLeave={[Function]}
    onMouseOver={[Function]}
    onMouseUp={[Function]}
    onTouchEnd={[Function]}
    onTouchMove={[Function]}
    onTouchStart={[Function]}
    tabIndex={0}
    title="Zoom in"
    type="button"
  >
    <span
      className="MuiIconButton-label"
    >
      <svg
        aria-hidden={true}
        className="MuiSvgIcon-root MuiSvgIcon-colorAction"
        focusable="false"
        viewBox="0 0 24 24"
      >
        <path
          d="M15.5 14h-.79l-.28-.27C15.41 12.59 16 11.11 16 9.5 16 5.91 13.09 3 9.5 3S3 5.91 3 9.5 5.91 16 9.5 16c1.61 0 3.09-.59 4.23-1.57l.27.28v.79l5 4.99L20.49 19l-4.99-5zm-6 0C7.01 14 5 11.99 5 9.5S7.01 5 9.5 5 14 7.01 14 9.5 11.99 14 9.5 14z"
        />
        <path
          d="M12 10h-2v2H9v-2H7V9h2V7h1v2h2v1z"
        />
      </svg>
    </span>
    <span
      className="MuiTouchRipple-root"
    />
  </button>
  <a
    href="https://example.com?HMAC-header=foo"
  >
    <img
      className="image-thumbnail small"
      src="https://example.com?HMAC-header=foo&thumbnail=true"
    />
  </a>
</div>
`;

exports[`ImageAttribute renders blank paths correctly while not editing 1`] = `
<div
  className="attribute file"
>
  <span
    className="file-blank"
  >
     Blank file 
  </span>
</div>
`;

exports[`ImageAttribute renders blank paths correctly while not editing 2`] = `
<div
  className="attribute file"
>
  <span
    className="file-blank"
  >
     Blank file 
  </span>
</div>
`;

exports[`ImageAttribute renders the button bar while editing 1`] = `
<div
  className="attribute file"
>
  <input
    onChange={[Function]}
    style={
      Object {
        "display": "none",
      }
    }
    type="file"
  />
  <div
    className="file-buttons"
  >
    <span
      className="icon-grp icon-grp-upload  fa-stack fa-fw"
      onClick={[Function]}
      title="Upload a file from your computer"
    >
      <i
        className="icon upload  upload fa fa-2x fa-upload"
      />
    </span>
    <span
      className="icon-grp icon-grp-cloud  fa-stack fa-fw"
      onClick={[Function]}
      title="Link a file from Metis"
    >
      <i
        className="icon cloud  cloud fa fa-2x fa-cloud"
      />
    </span>
    <span
      className="icon-grp icon-grp-stub  fa-stack fa-fw"
      onClick={[Function]}
      title="Mark this file as blank"
    >
      <i
        className="icon stub  meh-blank fa fa-2x fa-meh-blank"
      />
    </span>
    <span
      className="icon-grp icon-grp-remove  fa-stack fa-fw"
      onClick={[Function]}
      title="Remove this file link"
    >
      <i
        className="icon remove  trash-alt fa fa-2x fa-trash-alt"
      />
    </span>
  </div>
  <span
    className="file-missing"
  >
     No file 
  </span>
</div>
`;
