// Jest Snapshot v1, https://goo.gl/fbAQLP

exports[`ModelViewer renders 1`] = `
<div
  className="table-viewer"
  role="table"
  style={
    Object {
      "minWidth": "240px",
    }
  }
>
  <div
    className="pager"
  >
    <div
      className="pagination-nav "
      onClick={[Function]}
    >
      <i
        className="fas fa-chevron-left"
      />
    </div>
    <div
      className="pages"
    >
      <span
        className="page-label"
      >
        Page
      </span>
      <input
        onChange={[Function]}
        type="number"
        value={NaN}
      />
      <span
        className="page-label"
      >
        of 
      </span>
    </div>
    <div
      className="pagination-nav "
      onClick={[Function]}
    >
      <i
        className="fas fa-chevron-right"
      />
    </div>
  </div>
  <div
    className="thead"
  >
    <div
      className="tr"
      role="row"
      style={
        Object {
          "display": "flex",
          "flex": "1 0 auto",
          "minWidth": "240px",
        }
      }
    >
      <div
        className="th"
        colSpan={1}
        role="columnheader"
        style={
          Object {
            "alignItems": "flex-start",
            "boxSizing": "border-box",
            "display": "flex",
            "flex": "100 0 auto",
            "justifyContent": "flex-start",
            "minWidth": "30px",
            "position": "relative",
            "width": "100px",
          }
        }
      >
        <div
          className="content"
        >
          aspect
        </div>
        <div
          className="resizer "
          draggable={false}
          onMouseDown={[Function]}
          onTouchStart={[Function]}
          role="separator"
          style={
            Object {
              "cursor": "col-resize",
            }
          }
        />
      </div>
      <div
        className="th"
        colSpan={1}
        role="columnheader"
        style={
          Object {
            "alignItems": "flex-start",
            "boxSizing": "border-box",
            "display": "flex",
            "flex": "100 0 auto",
            "justifyContent": "flex-start",
            "minWidth": "30px",
            "position": "relative",
            "width": "100px",
          }
        }
      >
        <div
          className="content"
        >
          labor
        </div>
        <div
          className="resizer "
          draggable={false}
          onMouseDown={[Function]}
          onTouchStart={[Function]}
          role="separator"
          style={
            Object {
              "cursor": "col-resize",
            }
          }
        />
      </div>
      <div
        className="th"
        colSpan={1}
        role="columnheader"
        style={
          Object {
            "alignItems": "flex-start",
            "boxSizing": "border-box",
            "display": "flex",
            "flex": "100 0 auto",
            "justifyContent": "flex-start",
            "minWidth": "30px",
            "position": "relative",
            "width": "100px",
          }
        }
      >
        <div
          className="content"
        >
          name
        </div>
        <div
          className="resizer "
          draggable={false}
          onMouseDown={[Function]}
          onTouchStart={[Function]}
          role="separator"
          style={
            Object {
              "cursor": "col-resize",
            }
          }
        />
      </div>
      <div
        className="th"
        colSpan={1}
        role="columnheader"
        style={
          Object {
            "alignItems": "flex-start",
            "boxSizing": "border-box",
            "display": "flex",
            "flex": "100 0 auto",
            "justifyContent": "flex-start",
            "minWidth": "30px",
            "position": "relative",
            "width": "100px",
          }
        }
      >
        <div
          className="content"
        >
          species
        </div>
        <div
          className="resizer "
          draggable={false}
          onMouseDown={[Function]}
          onTouchStart={[Function]}
          role="separator"
          style={
            Object {
              "cursor": "col-resize",
            }
          }
        />
      </div>
      <div
        className="th"
        colSpan={1}
        role="columnheader"
        style={
          Object {
            "alignItems": "flex-start",
            "boxSizing": "border-box",
            "display": "flex",
            "flex": "100 0 auto",
            "justifyContent": "flex-start",
            "minWidth": "30px",
            "position": "relative",
            "width": "100px",
          }
        }
      >
        <div
          className="content"
        >
          stats
        </div>
        <div
          className="resizer "
          draggable={false}
          onMouseDown={[Function]}
          onTouchStart={[Function]}
          role="separator"
          style={
            Object {
              "cursor": "col-resize",
            }
          }
        />
      </div>
      <div
        className="th"
        colSpan={1}
        role="columnheader"
        style={
          Object {
            "alignItems": "flex-start",
            "boxSizing": "border-box",
            "display": "flex",
            "flex": "100 0 auto",
            "justifyContent": "flex-start",
            "minWidth": "30px",
            "position": "relative",
            "width": "100px",
          }
        }
      >
        <div
          className="content"
        >
          certificates
        </div>
        <div
          className="resizer "
          draggable={false}
          onMouseDown={[Function]}
          onTouchStart={[Function]}
          role="separator"
          style={
            Object {
              "cursor": "col-resize",
            }
          }
        />
      </div>
      <div
        className="th"
        colSpan={1}
        role="columnheader"
        style={
          Object {
            "alignItems": "flex-start",
            "boxSizing": "border-box",
            "display": "flex",
            "flex": "100 0 auto",
            "justifyContent": "flex-start",
            "minWidth": "30px",
            "position": "relative",
            "width": "100px",
          }
        }
      >
        <div
          className="content"
        >
          victim
        </div>
        <div
          className="resizer "
          draggable={false}
          onMouseDown={[Function]}
          onTouchStart={[Function]}
          role="separator"
          style={
            Object {
              "cursor": "col-resize",
            }
          }
        />
      </div>
      <div
        className="th"
        colSpan={1}
        role="columnheader"
        style={
          Object {
            "alignItems": "flex-start",
            "boxSizing": "border-box",
            "display": "flex",
            "flex": "100 0 auto",
            "justifyContent": "flex-start",
            "minWidth": "30px",
            "position": "relative",
            "width": "100px",
          }
        }
      >
        <div
          className="content"
        >
          habitat
        </div>
        <div
          className="resizer "
          draggable={false}
          onMouseDown={[Function]}
          onTouchStart={[Function]}
          role="separator"
          style={
            Object {
              "cursor": "col-resize",
            }
          }
        />
      </div>
    </div>
  </div>
  <div
    className="tbody"
  >
    <div
      className="tr"
      role="row"
      style={
        Object {
          "display": "flex",
          "flex": "1 0 auto",
          "minWidth": "240px",
        }
      }
    >
      <div
        className="td"
        role="cell"
        style={
          Object {
            "alignItems": "flex-start",
            "boxSizing": "border-box",
            "display": "flex",
            "flex": "100 0 auto",
            "justifyContent": "flex-start",
            "minWidth": "30px",
            "width": "100px",
          }
        }
      >
        <div
          className="attribute"
        >
          <div
            className="collection"
          />
        </div>
      </div>
      <div
        className="td"
        role="cell"
        style={
          Object {
            "alignItems": "flex-start",
            "boxSizing": "border-box",
            "display": "flex",
            "flex": "100 0 auto",
            "justifyContent": "flex-start",
            "minWidth": "30px",
            "width": "100px",
          }
        }
      >
        <div
          className="attribute"
        />
      </div>
      <div
        className="td"
        role="cell"
        style={
          Object {
            "alignItems": "flex-start",
            "boxSizing": "border-box",
            "display": "flex",
            "flex": "100 0 auto",
            "justifyContent": "flex-start",
            "minWidth": "30px",
            "width": "100px",
          }
        }
      >
        <div
          className="attribute"
        >
          <a
            className="link"
            href="http://localhost/undefined/browse/monster/Lernean%20Hydra"
            onClick={null}
          >
            Lernean Hydra
          </a>
        </div>
      </div>
      <div
        className="td"
        role="cell"
        style={
          Object {
            "alignItems": "flex-start",
            "boxSizing": "border-box",
            "display": "flex",
            "flex": "100 0 auto",
            "justifyContent": "flex-start",
            "minWidth": "30px",
            "width": "100px",
          }
        }
      >
        <div
          className="attribute"
        >
          hydra
        </div>
      </div>
      <div
        className="td"
        role="cell"
        style={
          Object {
            "alignItems": "flex-start",
            "boxSizing": "border-box",
            "display": "flex",
            "flex": "100 0 auto",
            "justifyContent": "flex-start",
            "minWidth": "30px",
            "width": "100px",
          }
        }
      >
        <div
          className="attribute file"
        >
          <span
            className="file-missing"
          >
             No file 
          </span>
        </div>
      </div>
      <div
        className="td"
        role="cell"
        style={
          Object {
            "alignItems": "flex-start",
            "boxSizing": "border-box",
            "display": "flex",
            "flex": "100 0 auto",
            "justifyContent": "flex-start",
            "minWidth": "30px",
            "width": "100px",
          }
        }
      >
        <div
          className="attribute"
        >
          <div
            className="collection"
          />
        </div>
      </div>
      <div
        className="td"
        role="cell"
        style={
          Object {
            "alignItems": "flex-start",
            "boxSizing": "border-box",
            "display": "flex",
            "flex": "100 0 auto",
            "justifyContent": "flex-start",
            "minWidth": "30px",
            "width": "100px",
          }
        }
      >
        <div
          className="attribute"
        >
          <div
            className="collection"
          />
        </div>
      </div>
      <div
        className="td"
        role="cell"
        style={
          Object {
            "alignItems": "flex-start",
            "boxSizing": "border-box",
            "display": "flex",
            "flex": "100 0 auto",
            "justifyContent": "flex-start",
            "minWidth": "30px",
            "width": "100px",
          }
        }
      >
        <div
          className="attribute"
        />
      </div>
    </div>
    <div
      className="tr"
      role="row"
      style={
        Object {
          "display": "flex",
          "flex": "1 0 auto",
          "minWidth": "240px",
        }
      }
    >
      <div
        className="td"
        role="cell"
        style={
          Object {
            "alignItems": "flex-start",
            "boxSizing": "border-box",
            "display": "flex",
            "flex": "100 0 auto",
            "justifyContent": "flex-start",
            "minWidth": "30px",
            "width": "100px",
          }
        }
      >
        <div
          className="attribute"
        >
          <div
            className="collection"
          />
        </div>
      </div>
      <div
        className="td"
        role="cell"
        style={
          Object {
            "alignItems": "flex-start",
            "boxSizing": "border-box",
            "display": "flex",
            "flex": "100 0 auto",
            "justifyContent": "flex-start",
            "minWidth": "30px",
            "width": "100px",
          }
        }
      >
        <div
          className="attribute"
        />
      </div>
      <div
        className="td"
        role="cell"
        style={
          Object {
            "alignItems": "flex-start",
            "boxSizing": "border-box",
            "display": "flex",
            "flex": "100 0 auto",
            "justifyContent": "flex-start",
            "minWidth": "30px",
            "width": "100px",
          }
        }
      >
        <div
          className="attribute"
        >
          <a
            className="link"
            href="http://localhost/undefined/browse/monster/Nemean%20Lion"
            onClick={null}
          >
            Nemean Lion
          </a>
        </div>
      </div>
      <div
        className="td"
        role="cell"
        style={
          Object {
            "alignItems": "flex-start",
            "boxSizing": "border-box",
            "display": "flex",
            "flex": "100 0 auto",
            "justifyContent": "flex-start",
            "minWidth": "30px",
            "width": "100px",
          }
        }
      >
        <div
          className="attribute"
        >
          lion
        </div>
      </div>
      <div
        className="td"
        role="cell"
        style={
          Object {
            "alignItems": "flex-start",
            "boxSizing": "border-box",
            "display": "flex",
            "flex": "100 0 auto",
            "justifyContent": "flex-start",
            "minWidth": "30px",
            "width": "100px",
          }
        }
      >
        <div
          className="attribute file"
        >
          <span
            className="file-missing"
          >
             No file 
          </span>
        </div>
      </div>
      <div
        className="td"
        role="cell"
        style={
          Object {
            "alignItems": "flex-start",
            "boxSizing": "border-box",
            "display": "flex",
            "flex": "100 0 auto",
            "justifyContent": "flex-start",
            "minWidth": "30px",
            "width": "100px",
          }
        }
      >
        <div
          className="attribute"
        >
          <div
            className="collection"
          />
        </div>
      </div>
      <div
        className="td"
        role="cell"
        style={
          Object {
            "alignItems": "flex-start",
            "boxSizing": "border-box",
            "display": "flex",
            "flex": "100 0 auto",
            "justifyContent": "flex-start",
            "minWidth": "30px",
            "width": "100px",
          }
        }
      >
        <div
          className="attribute"
        >
          <div
            className="collection"
          />
        </div>
      </div>
      <div
        className="td"
        role="cell"
        style={
          Object {
            "alignItems": "flex-start",
            "boxSizing": "border-box",
            "display": "flex",
            "flex": "100 0 auto",
            "justifyContent": "flex-start",
            "minWidth": "30px",
            "width": "100px",
          }
        }
      >
        <div
          className="attribute"
        />
      </div>
    </div>
  </div>
</div>
`;
