// Jest Snapshot v1, https://goo.gl/fbAQLP

exports[`ModelMap renders 1`] = `
<div
  id="map"
>
  <svg
    height={500}
    width={500}
  >
    <g
      className="model_link"
    >
      <line
        x1={149.54948730521113}
        x2={250}
        y1={250}
        y2={50}
      />
    </g>
    <g
      className="model_link"
    >
      <line
        x1={93.93768976114325}
        x2={149.54948730521113}
        y1={250.00000000000003}
        y2={250}
      />
    </g>
    <g
      className="model_node"
    >
      <g
        onClick={[Function]}
        transform="translate(149.54948730521113,250)"
      >
        <circle
          cx={0}
          cy={0}
          r={20}
        />
        <text
          dy="0.4em"
          style={
            Object {
              "fontSize": 12.699501833152231,
            }
          }
          textAnchor="middle"
        >
          labor
        </text>
      </g>
    </g>
    <g
      className="model_node"
    >
      <g
        onClick={[Function]}
        transform="translate(93.93768976114325,250.00000000000003)"
      >
        <circle
          cx={0}
          cy={0}
          r={13.333333333333334}
        />
        <text
          dy="0.4em"
          style={
            Object {
              "fontSize": 11.094186655831054,
            }
          }
          textAnchor="middle"
        >
          monster
        </text>
      </g>
    </g>
    <g
      className="model_node selected"
    >
      <g
        onClick={[Function]}
        transform="translate(250,50)"
      >
        <circle
          cx={0}
          cy={0}
          r={40}
        />
        <text
          dy="0.4em"
          style={
            Object {
              "fontSize": 16,
            }
          }
          textAnchor="middle"
        >
          project
        </text>
      </g>
    </g>
  </svg>
  <div
    className="report"
  >
    <span
      className="title"
    >
      project
    </span>
    <span
      className="description"
    />
    <div
      className="map_attribute"
    >
      <span>
        name
      </span>
      <span
        className="type"
      >
         (
        String
        ) 
      </span>
      <span
        className="description"
      >
        Name for this project
      </span>
    </div>
    <div
      className="map_attribute"
    >
      <span>
        labor
      </span>
      <span
        className="type"
      >
         (
        Collection
        ) 
      </span>
    </div>
    <div
      className="map_attribute"
    >
      <span>
        codex
      </span>
      <span
        className="type"
      >
         (
        Table
        ) 
      </span>
    </div>
  </div>
</div>
`;
